Compiling lib\main.dart for the Web...                          
flutter : Warning: In 
index.html:22: Local 
variable for 
"serviceWorkerVersion" 
is deprecated. Use "{{f
lutter_service_worker_v
ersion}}" template 
token instead. See http
s://docs.flutter.dev/pl
atform-integration/web/
initialization for 
more details.
At line:1 char:1
+ flutter build web > 
build_errors.txt 2>&1
+ ~~~~~~~~~~~~~~~~~~~~~
~~~~~~~~~~~~~~~~~~~~
    + CategoryInfo     
         : NotSpecifi  
  ed: (Warning: In i   
 nd...r more detail    
s.:String) [], Rem    
oteException
    + FullyQualifiedEr 
   rorId : NativeComm  
  andError
 
Warning: In 
index.html:32: "Flutter
Loader.loadEntrypoint" 
is deprecated. Use 
"FlutterLoader.load" 
instead. See https://do
cs.flutter.dev/platform
-integration/web/initia
lization for more 
details.
Wasm dry run findings:
Found 
incompatibilities with 
WebAssembly.

package:smart_exam_app/
pages/student/take_exam
_page.dart 1:1 - 
dart:html unsupported 
(0)

Consider addressing 
these issues to enable 
wasm builds. See docs 
for more info: https://
docs.flutter.dev/platfo
rm-integration/web/wasm

Use --no-wasm-dry-run 
to disable these 
warnings.
Target dart2js failed: 
ProcessException: 
Process exited 
abnormally with exit 
code 1:
lib/main.dart:28:28:
Error: Not a constant 
expression.
          
backgroundColor: 
AppColors.SURFACE,
                       
    ^^^^^^^^^
lib/main.dart:29:28:
Error: Not a constant 
expression.
          
foregroundColor: 
AppColors.TEXT_PRIMARY,
                       
    ^^^^^^^^^
lib/main.dart:32:43:
Error: Not a constant 
expression.
          iconTheme: 
IconThemeData(color: Ap
pColors.TEXT_PRIMARY),
                       
                   
^^^^^^^^^
lib/main.dart:34:20:
Error: Not a constant 
expression.
            color: 
AppColors.TEXT_PRIMARY,
                   
^^^^^^^^^
lib/main.dart:77:49:
Error: Not a constant 
expression.
            
borderSide: const 
BorderSide(color: 
AppColors.PRIMARY, 
width: 2),
                       
                       
  ^^^^^^^^^
lib/main.dart:81:49:
Error: Not a constant 
expression.
            
borderSide: const 
BorderSide(color: 
AppColors.ERROR, 
width: 2),
                       
                       
  ^^^^^^^^^
lib/main.dart:87:43:
Error: Not a constant 
expression.
          
headlineLarge: 
TextStyle(color: AppCol
ors.TEXT_PRIMARY, 
fontWeight: 
FontWeight.bold),
                       
                   
^^^^^^^^^
lib/main.dart:88:44:
Error: Not a constant 
expression.
          
headlineMedium: 
TextStyle(color: AppCol
ors.TEXT_PRIMARY, 
fontWeight: 
FontWeight.bold),
                       
                    
^^^^^^^^^
lib/main.dart:89:40:
Error: Not a constant 
expression.
          titleLarge: 
TextStyle(color: AppCol
ors.TEXT_PRIMARY, 
fontWeight: 
FontWeight.w600),
                       
                
^^^^^^^^^
lib/main.dart:90:39:
Error: Not a constant 
expression.
          bodyLarge: 
TextStyle(color: AppCol
ors.TEXT_PRIMARY),
                       
               
^^^^^^^^^
lib/main.dart:91:40:
Error: Not a constant 
expression.
          bodyMedium: 
TextStyle(color: AppCol
ors.TEXT_SECONDARY),
                       
                
^^^^^^^^^
lib/main.dart:19:22:
Error: The getter 
'AppColors' isn't 
defined for the type 
'MyApp'.
 - 'MyApp' is from 'pac
kage:smart_exam_app/mai
n.dart' 
('lib/main.dart').
          seedColor: 
AppColors.PRIMARY,
                     
^^^^^^^^^
lib/main.dart:20:20:
Error: The getter 
'AppColors' isn't 
defined for the type 
'MyApp'.
 - 'MyApp' is from 'pac
kage:smart_exam_app/mai
n.dart' 
('lib/main.dart').
          primary: 
AppColors.PRIMARY,
                   
^^^^^^^^^
lib/main.dart:21:22:
Error: The getter 
'AppColors' isn't 
defined for the type 
'MyApp'.
 - 'MyApp' is from 'pac
kage:smart_exam_app/mai
n.dart' 
('lib/main.dart').
          secondary: 
AppColors.SECONDARY,
                     
^^^^^^^^^
lib/main.dart:22:20:
Error: The getter 
'AppColors' isn't 
defined for the type 
'MyApp'.
 - 'MyApp' is from 'pac
kage:smart_exam_app/mai
n.dart' 
('lib/main.dart').
          surface: 
AppColors.SURFACE,
                   
^^^^^^^^^
lib/main.dart:23:23:
Error: The getter 
'AppColors' isn't 
defined for the type 
'MyApp'.
 - 'MyApp' is from 'pac
kage:smart_exam_app/mai
n.dart' 
('lib/main.dart').
          background: 
AppColors.BACKGROUND,
                      
^^^^^^^^^
lib/main.dart:24:18:
Error: The getter 
'AppColors' isn't 
defined for the type 
'MyApp'.
 - 'MyApp' is from 'pac
kage:smart_exam_app/mai
n.dart' 
('lib/main.dart').
          error: 
AppColors.ERROR,
                 
^^^^^^^^^
lib/main.dart:26:34:
Error: The getter 
'AppColors' isn't 
defined for the type 
'MyApp'.
 - 'MyApp' is from 'pac
kage:smart_exam_app/mai
n.dart' 
('lib/main.dart').
        scaffoldBackgro
undColor: 
AppColors.BACKGROUND,
                       
          ^^^^^^^^^
lib/main.dart:40:18:
Error: The getter 
'AppColors' isn't 
defined for the type 
'MyApp'.
 - 'MyApp' is from 'pac
kage:smart_exam_app/mai
n.dart' 
('lib/main.dart').
          color: 
AppColors.SURFACE,
                 
^^^^^^^^^
lib/main.dart:50:30:
Error: The getter 
'AppColors' isn't 
defined for the type 
'MyApp'.
 - 'MyApp' is from 'pac
kage:smart_exam_app/mai
n.dart' 
('lib/main.dart').
            
backgroundColor: 
AppColors.PRIMARY,
                       
      ^^^^^^^^^
lib/main.dart:65:22:
Error: The getter 
'AppColors' isn't 
defined for the type 
'MyApp'.
 - 'MyApp' is from 'pac
kage:smart_exam_app/mai
n.dart' 
('lib/main.dart').
          fillColor: 
AppColors.SURFACE,
                     
^^^^^^^^^
lib/main.dart:83:40:
Error: The getter 
'AppColors' isn't 
defined for the type 
'MyApp'.
 - 'MyApp' is from 'pac
kage:smart_exam_app/mai
n.dart' 
('lib/main.dart').
          labelStyle: 
TextStyle(color: AppCol
ors.TEXT_SECONDARY),
                       
                
^^^^^^^^^
lib/main.dart:84:28:
Error: The getter 
'AppColors' isn't 
defined for the type 
'MyApp'.
 - 'MyApp' is from 'pac
kage:smart_exam_app/mai
n.dart' 
('lib/main.dart').
          
prefixIconColor: AppCol
ors.TEXT_SECONDARY,
                       
    ^^^^^^^^^
lib/main.dart:39:20:
Error: The argument 
type 'CardTheme' can't 
be assigned to the 
parameter type 
'CardThemeData?'.
 - 'CardTheme' is from 
'package:flutter/src/ma
terial/card_theme.dart'
 ('/D:/coding/flutter/p
ackages/flutter/lib/src
/material/card_theme.da
rt').
 - 'CardThemeData' is 
from 'package:flutter/s
rc/material/card_theme.
dart' ('/D:/coding/flut
ter/packages/flutter/li
b/src/material/card_the
me.dart').
        cardTheme: 
CardTheme(
                   ^
Error: Compilation 
failed.
  Command: D:\coding\fl
utter\bin\cache\dart-sd
k\bin\dart.exe compile 
js --platform-binaries=
D:\coding\flutter\bin\c
ache\flutter_web_sdk\ke
rnel 
--invoker=flutter_tool 
-Ddart.vm.product=true 
-DFLUTTER_VERSION=3.35.
3 -DFLUTTER_CHANNEL=sta
ble -DFLUTTER_GIT_URL=h
ttps://github.com/flutt
er/flutter.git -DFLUTTE
R_FRAMEWORK_REVISION=a4
02d9a437 -DFLUTTER_ENGI
NE_REVISION=ddf47dd3ff 
-DFLUTTER_DART_VERSION=
3.9.2 -DFLUTTER_WEB_USE
_SKIA=true -DFLUTTER_WE
B_USE_SKWASM=false -DFL
UTTER_WEB_CANVASKIT_URL
=https://www.gstatic.co
m/flutter-canvaskit/ddf
47dd3ff96dbde6d9c614db0
d7f019d7c7a2b7/ --nativ
e-null-assertions 
--no-source-maps -O4 
--minify -o D:\capstone
\seis\frontend\.dart_to
ol\flutter_build\b79189
0dd0d11288c396f9612073a
c9d\app.dill --packages
=D:\capstone\seis\front
end\.dart_tool\package_
config.json --cfe-only 
D:\capstone\seis\fronte
nd\.dart_tool\flutter_b
uild\b791890dd0d11288c3
96f9612073ac9d\main.dar
t
#0      RunResult.throw
Exception (package:flut
ter_tools/src/base/proc
ess.dart:118:5)
#1      _DefaultProcess
Utils.run (package:flut
ter_tools/src/base/proc
ess.dart:344:19)
<asynchronous 
suspension>
#2      
Dart2JSTarget.build (pa
ckage:flutter_tools/src
/build_system/targets/w
eb.dart:204:5)
<asynchronous 
suspension>
#3      _BuildInstance.
_invokeInternal (packag
e:flutter_tools/src/bui
ld_system/build_system.
dart:873:9)
<asynchronous 
suspension>
#4      
Future.wait.<anonymous 
closure> (dart:async/fu
ture.dart:525:21)
<asynchronous 
suspension>
#5      _BuildInstance.
invokeTarget (package:f
lutter_tools/src/build_
system/build_system.dar
t:811:32)
<asynchronous 
suspension>
#6      
Future.wait.<anonymous 
closure> (dart:async/fu
ture.dart:525:21)
<asynchronous 
suspension>
#7      _BuildInstance.
invokeTarget (package:f
lutter_tools/src/build_
system/build_system.dar
t:811:32)
<asynchronous 
suspension>
#8      FlutterBuildSys
tem.build (package:flut
ter_tools/src/build_sys
tem/build_system.dart:6
31:16)
<asynchronous 
suspension>
#9      
WebBuilder.buildWeb (pa
ckage:flutter_tools/src
/web/compile.dart:90:34
)
<asynchronous 
suspension>
#10     BuildWebCommand
.runCommand (package:fl
utter_tools/src/command
s/build_web.dart:282:5)
<asynchronous 
suspension>
#11     FlutterCommand.
run.<anonymous 
closure> (package:flutt
er_tools/src/runner/flu
tter_command.dart:1581:
27)
<asynchronous 
suspension>
#12     AppContext.run.
<anonymous closure> (pa
ckage:flutter_tools/src
/base/context.dart:154:
19)
<asynchronous 
suspension>
#13     CommandRunner.r
unCommand (package:args
/command_runner.dart:21
2:13)
<asynchronous 
suspension>
#14     FlutterCommandR
unner.runCommand.<anony
mous closure> (package:
flutter_tools/src/runne
r/flutter_command_runne
r.dart:503:9)
<asynchronous 
suspension>
#15     AppContext.run.
<anonymous closure> (pa
ckage:flutter_tools/src
/base/context.dart:154:
19)
<asynchronous 
suspension>
#16     FlutterCommandR
unner.runCommand (packa
ge:flutter_tools/src/ru
nner/flutter_command_ru
nner.dart:438:5)
<asynchronous 
suspension>
#17     run.<anonymous 
closure>.<anonymous 
closure> (package:flutt
er_tools/runner.dart:98
:11)
<asynchronous 
suspension>
#18     AppContext.run.
<anonymous closure> (pa
ckage:flutter_tools/src
/base/context.dart:154:
19)
<asynchronous 
suspension>
#19     main (package:f
lutter_tools/executable
.dart:101:3)
<asynchronous 
suspension>

Compiling lib\main.dart for the Web...                             12.2s
Error: Failed to 
compile application 
for the Web.
